[0m16:51:06.513367 [debug] [MainThread]: Sending event: {'category': 'dbt', 'action': 'invocation', 'label': 'start', 'context': [<snowplow_tracker.self_describing_json.SelfDescribingJson object at 0x7124b681e780>, <snowplow_tracker.self_describing_json.SelfDescribingJson object at 0x7124b8063050>, <snowplow_tracker.self_describing_json.SelfDescribingJson object at 0x7124b6b8d7c0>]}


============================== 16:51:06.516546 | 4ace4780-3471-47d2-90b8-2de60e9d9cd5 ==============================
[0m16:51:06.516546 [info ] [MainThread]: Running with dbt=1.8.1
[0m16:51:06.521260 [debug] [MainThread]: running dbt with arguments {'printer_width': '80', 'indirect_selection': 'eager', 'write_json': 'True', 'log_cache_events': 'False', 'partial_parse': 'True', 'cache_selected_only': 'False', 'warn_error': 'None', 'fail_fast': 'False', 'version_check': 'True', 'log_path': 'logs', 'debug': 'False', 'profiles_dir': '/home/coder/.dbt', 'use_colors': 'True', 'use_experimental_parser': 'False', 'no_print': 'None', 'quiet': 'False', 'log_format': 'default', 'static_parser': 'True', 'invocation_command': 'dbt init classicmodels_modeling', 'introspect': 'True', 'target_path': 'None', 'warn_error_options': 'WarnErrorOptions(include=[], exclude=[])', 'send_anonymous_usage_stats': 'True'}
[0m16:51:06.537338 [warn ] [MainThread]: [ConfigFolderDirectory]: Unable to parse logging event dictionary. Failed to parse dir field: expected string or bytes-like object, got 'PosixPath'.. Dictionary: {'dir': PosixPath('/home/coder/.dbt')}
[0m16:51:06.537763 [info ] [MainThread]: Creating dbt configuration folder at 
[0m16:51:06.546473 [debug] [MainThread]: Starter project path: /home/coder/miniconda/lib/python3.12/site-packages/dbt/include/starter_project
[0m16:51:06.918286 [info ] [MainThread]: 
Your new dbt project "classicmodels_modeling" was created!

For more information on how to configure the profiles.yml file,
please consult the dbt documentation here:

  https://docs.getdbt.com/docs/configure-your-profile

One more thing:

Need help? Don't hesitate to reach out to us via GitHub issues or on Slack:

  https://community.getdbt.com/

Happy modeling!

[0m16:51:06.918806 [info ] [MainThread]: Setting up your profile.
[0m16:51:27.256473 [error] [MainThread]: Encountered an error:

[0m16:51:27.265466 [error] [MainThread]: Traceback (most recent call last):
  File "/home/coder/miniconda/lib/python3.12/site-packages/dbt/cli/requires.py", line 138, in wrapper
    result, success = func(*args, **kwargs)
                      ^^^^^^^^^^^^^^^^^^^^^
  File "/home/coder/miniconda/lib/python3.12/site-packages/dbt/cli/requires.py", line 101, in wrapper
    return func(*args, **kwargs)
           ^^^^^^^^^^^^^^^^^^^^^
  File "/home/coder/miniconda/lib/python3.12/site-packages/dbt/cli/main.py", line 469, in init
    results = task.run()
              ^^^^^^^^^^
  File "/home/coder/miniconda/lib/python3.12/site-packages/dbt/task/init.py", line 347, in run
    self.setup_profile(profile_name)
  File "/home/coder/miniconda/lib/python3.12/site-packages/dbt/task/init.py", line 263, in setup_profile
    self.create_profile_from_target(adapter, profile_name=profile_name)
  File "/home/coder/miniconda/lib/python3.12/site-packages/dbt/task/init.py", line 180, in create_profile_from_target
    self.create_profile_from_profile_template(profile_template, profile_name)
  File "/home/coder/miniconda/lib/python3.12/site-packages/dbt/task/init.py", line 164, in create_profile_from_profile_template
    target = self.generate_target_from_input(prompts, initial_target)
             ^^^^^^^^^^^^^^^^^^^^^^^^^^^^^^^^^^^^^^^^^^^^^^^^^^^^^^^^
  File "/home/coder/miniconda/lib/python3.12/site-packages/dbt/task/init.py", line 130, in generate_target_from_input
    target[key] = click.prompt(
                  ^^^^^^^^^^^^^
  File "/home/coder/miniconda/lib/python3.12/site-packages/click/termui.py", line 164, in prompt
    value = prompt_func(prompt)
            ^^^^^^^^^^^^^^^^^^^
  File "/home/coder/miniconda/lib/python3.12/site-packages/click/termui.py", line 147, in prompt_func
    raise Abort() from None
click.exceptions.Abort

[0m16:51:27.268556 [debug] [MainThread]: Resource report: {"command_name": "init", "command_wall_clock_time": 20.815264, "process_user_time": 1.388692, "process_kernel_time": 0.158302, "process_mem_max_rss": "87148", "process_in_blocks": "37269", "process_out_blocks": "144", "command_success": false}
[0m16:51:27.280082 [debug] [MainThread]: Command `dbt init` failed at 16:51:27.279911 after 20.83 seconds
[0m16:51:27.285815 [debug] [MainThread]: Sending event: {'category': 'dbt', 'action': 'invocation', 'label': 'end', 'context': [<snowplow_tracker.self_describing_json.SelfDescribingJson object at 0x7124b6cf0200>, <snowplow_tracker.self_describing_json.SelfDescribingJson object at 0x7124b67671a0>, <snowplow_tracker.self_describing_json.SelfDescribingJson object at 0x7124b713eea0>]}
[0m16:51:27.291969 [debug] [MainThread]: Flushing usage events
